// Jest Snapshot v1, https://goo.gl/fbAQLP

exports[`matches the snapshot 1`] = `
<div
  className="bing__map"
  id="bing_map_0"
/>
`;
